[36mvite v7.3.1 [32mbuilding client environment for production...[36m[39m
transforming...
[32mΓ£ô[39m 56 modules transformed.
node.exe : [31mΓ£ù[39m 
Build failed in 1.10s
At C:\Program 
Files\nodejs\npx.ps1:29 
char:3
+   & $NODE_EXE 
$NPX_CLI_JS $args
+   ~~~~~~~~~~~~~~~~~~~~~~~
~~~~~~
    + CategoryInfo         
     : NotSpecified: ([3  
  1mΓ£ù[39m Build faile   
 d in 1.10s:String) [],    
 RemoteException
    + FullyQualifiedErrorI 
   d : NativeCommandError
 
[31merror during build:
[31mCould not resolve 
"../../../api" from "src/pa
ges/auth/Signup.jsx"[31m
file: [36mC:/Users/devan/O
neDrive/Desktop/ActivityTra
cker/frontend/src/pages/aut
h/Signup.jsx[31m
    at getRollupError (file
:///C:/Users/devan/OneDrive
/Desktop/ActivityTracker/fr
ontend/node_modules/rollup/
dist/es/shared/parseAst.js:
401:41)
    at error (file:///C:/Us
ers/devan/OneDrive/Desktop/
ActivityTracker/frontend/no
de_modules/rollup/dist/es/s
hared/parseAst.js:397:42)
    at ModuleLoader.handleI
nvalidResolvedId (file:///C
:/Users/devan/OneDrive/Desk
top/ActivityTracker/fronten
d/node_modules/rollup/dist/
es/shared/node-entry.js:217
10:24)
    at file:///C:/Users/dev
an/OneDrive/Desktop/Activit
yTracker/frontend/node_modu
les/rollup/dist/es/shared/n
ode-entry.js:21670:26[39m
